python : 2026-04-20 01:05:15.142 WARNING 
streamlit.runtime.caching.cache_data_api: No runtime found, using 
MemoryCacheStorageManager
At line:1 char:1
+ python -m unittest discover -s tests -p "test_*.py" -v 2>&1 > test_ou ...
+ ~~~~~~~~~~~~~~~~~~~~~~~~~~~~~~~~~~~~~~~~~~~~~~~~~~~~~~~~~~~~~~~~~~~~~
    + CategoryInfo          : NotSpecified: (2026-04-20 01:0...eStorageManager 
   :String) [], RemoteException
    + FullyQualifiedErrorId : NativeCommandError
 
2026-04-20 01:05:15.143 WARNING streamlit.runtime.caching.cache_data_api: No 
runtime found, using MemoryCacheStorageManager
2026-04-20 01:05:15.146 WARNING streamlit.runtime.caching.cache_data_api: No 
runtime found, using MemoryCacheStorageManager
2026-04-20 01:05:15.233 WARNING streamlit.runtime.caching.cache_data_api: No 
runtime found, using MemoryCacheStorageManager
2026-04-20 01:05:15.234 WARNING streamlit.runtime.caching.cache_data_api: No 
runtime found, using MemoryCacheStorageManager
2026-04-20 01:05:15.236 WARNING streamlit.runtime.caching.cache_data_api: No 
runtime found, using MemoryCacheStorageManager
2026-04-20 01:05:15.236 WARNING streamlit.runtime.caching.cache_data_api: No 
runtime found, using MemoryCacheStorageManager
2026-04-20 01:05:15.238 WARNING streamlit.runtime.caching.cache_data_api: No 
runtime found, using MemoryCacheStorageManager
2026-04-20 01:05:15.241 WARNING streamlit.runtime.caching.cache_data_api: No 
runtime found, using MemoryCacheStorageManager
2026-04-20 01:05:15.244 WARNING streamlit.runtime.caching.cache_data_api: No 
runtime found, using MemoryCacheStorageManager
2026-04-20 01:05:15.246 WARNING streamlit.runtime.caching.cache_data_api: No 
runtime found, using MemoryCacheStorageManager
2026-04-20 01:05:15.247 WARNING streamlit.runtime.caching.cache_data_api: No 
runtime found, using MemoryCacheStorageManager
2026-04-20 01:05:15.248 WARNING streamlit.runtime.caching.cache_data_api: No 
runtime found, using MemoryCacheStorageManager
2026-04-20 01:05:15.251 WARNING streamlit.runtime.caching.cache_data_api: No 
runtime found, using MemoryCacheStorageManager
2026-04-20 01:05:15.252 WARNING streamlit.runtime.caching.cache_data_api: No 
runtime found, using MemoryCacheStorageManager
2026-04-20 01:05:15.252 WARNING streamlit.runtime.caching.cache_data_api: No 
runtime found, using MemoryCacheStorageManager
2026-04-20 01:05:15.253 WARNING streamlit.runtime.caching.cache_data_api: No 
runtime found, using MemoryCacheStorageManager
2026-04-20 01:05:15.254 WARNING streamlit.runtime.caching.cache_data_api: No 
runtime found, using MemoryCacheStorageManager
2026-04-20 01:05:15.255 WARNING streamlit.runtime.caching.cache_data_api: No 
runtime found, using MemoryCacheStorageManager
test_ambiguous_cancel_rechecks_status_before_retry (test_api_retry_handling.End
pointSafetyTests.test_ambiguous_cancel_rechecks_status_before_retry) ... ok
test_ambiguous_create_requires_reconciliation_before_retry (test_api_retry_hand
ling.EndpointSafetyTests.test_ambiguous_create_requires_reconciliation_before_r
etry) ... ok
test_retry_classification_maps_common_failure_classes (test_api_retry_handling.
RetryClassificationTests.test_retry_classification_maps_common_failure_classes)
 ... ok
test_audit_event_falls_back_to_jsonl_when_sqlite_write_fails (test_audit_loggin
g.AuditLoggingTests.test_audit_event_falls_back_to_jsonl_when_sqlite_write_fail
s) ... ok
test_config_audit_redacts_sensitive_values (test_audit_logging.AuditLoggingTest
s.test_config_audit_redacts_sensitive_values) ... ok
test_backup_bundle_contains_manifest_and_restores_assets (test_backup_restore_p
hase1.BackupRestorePhase1Tests.test_backup_bundle_contains_manifest_and_restore
s_assets) ... D:\Project\Bitkub\services\backup_service.py:367: 
ResourceWarning: unclosed database in <sqlite3.Connection object at 
0x000002C6FFE9D3F0>
  gc.collect()
ResourceWarning: Enable tracemalloc to get the object allocation traceback
D:\Project\Bitkub\services\backup_service.py:367: ResourceWarning: unclosed 
database in <sqlite3.Connection object at 0x000002C6FFF25120>
  gc.collect()
ResourceWarning: Enable tracemalloc to get the object allocation traceback
D:\Project\Bitkub\services\backup_service.py:367: ResourceWarning: unclosed 
database in <sqlite3.Connection object at 0x000002C6FFF25300>
  gc.collect()
ResourceWarning: Enable tracemalloc to get the object allocation traceback
D:\Project\Bitkub\services\backup_service.py:367: ResourceWarning: unclosed 
database in <sqlite3.Connection object at 0x000002C6FFF255D0>
  gc.collect()
ResourceWarning: Enable tracemalloc to get the object allocation traceback
D:\Project\Bitkub\services\backup_service.py:367: ResourceWarning: unclosed 
database in <sqlite3.Connection object at 0x000002C6FFF258A0>
  gc.collect()
ResourceWarning: Enable tracemalloc to get the object allocation traceback
D:\Project\Bitkub\services\backup_service.py:367: ResourceWarning: unclosed 
database in <sqlite3.Connection object at 0x000002C6FFF25990>
  gc.collect()
ResourceWarning: Enable tracemalloc to get the object allocation traceback
D:\Project\Bitkub\services\backup_service.py:367: ResourceWarning: unclosed 
database in <sqlite3.Connection object at 0x000002C6FFF25C60>
  gc.collect()
ResourceWarning: Enable tracemalloc to get the object allocation traceback
D:\Project\Bitkub\services\backup_service.py:367: ResourceWarning: unclosed 
database in <sqlite3.Connection object at 0x000002C6FFF25D50>
  gc.collect()
ResourceWarning: Enable tracemalloc to get the object allocation traceback
D:\Project\Bitkub\services\backup_service.py:367: ResourceWarning: unclosed 
database in <sqlite3.Connection object at 0x000002C6FFF25E40>
  gc.collect()
ResourceWarning: Enable tracemalloc to get the object allocation traceback
ok
test_console_reload_keeps_notification (test_config_watchlist_and_reload_policy
.ConfigReloadTelegramPolicyTests.test_console_reload_keeps_notification) ... ok
test_runtime_safety_pause_keeps_notification (test_config_watchlist_and_reload_
policy.ConfigReloadTelegramPolicyTests.test_runtime_safety_pause_keeps_notifica
tion) ... ok
test_telegram_confirmation_reload_skips_extra_notification (test_config_watchli
st_and_reload_policy.ConfigReloadTelegramPolicyTests.test_telegram_confirmation
_reload_skips_extra_notification) ... ok
test_telegram_confirmation_reload_skips_safety_pause_notification (test_config_
watchlist_and_reload_policy.ConfigReloadTelegramPolicyTests.test_telegram_confi
rmation_reload_skips_safety_pause_notification) ... ok
test_build_saved_watchlist_symbols_can_remove_previous_symbol (test_config_watc
hlist_and_reload_policy.ConfigWatchlistSaveTests.test_build_saved_watchlist_sym
bols_can_remove_previous_symbol) ... ok
test_build_saved_watchlist_symbols_keeps_only_user_selection_and_fallback (test
_config_watchlist_and_reload_policy.ConfigWatchlistSaveTests.test_build_saved_w
atchlist_symbols_keeps_only_user_selection_and_fallback) ... ok
test_market_source_reason_mentions_non_exchange_source (test_config_watchlist_a
nd_reload_policy.UnsupportedLiveEntryReasonTests.test_market_source_reason_ment
ions_non_exchange_source) ... ok
test_open_orders_probe_reason_is_specific (test_config_watchlist_and_reload_pol
icy.UnsupportedLiveEntryReasonTests.test_open_orders_probe_reason_is_specific) 
... ok
test_order_submit_reason_includes_error (test_config_watchlist_and_reload_polic
y.UnsupportedLiveEntryReasonTests.test_order_submit_reason_includes_error) ... 
ok
test_refresh_daily_performance_metrics_rebuilds_strategy_and_portfolio_rows (te
st_daily_metrics_reporting.DailyMetricsReportingTests.test_refresh_daily_perfor
mance_metrics_rebuilds_strategy_and_portfolio_rows) ... ok
test_reports_page_dataset_includes_daily_metric_tables (test_daily_metrics_repo
rting.DailyMetricsReportingTests.test_reports_page_dataset_includes_daily_metri
c_tables) ... ok
test_compare_context_prefills_execution_assistant_symbol (test_execution_assist
ant_page.ExecutionAssistantPageTests.test_compare_context_prefills_execution_as
sistant_symbol) ... 2026-04-20 01:05:17.384 WARNING 
streamlit.runtime.scriptrunner_utils.script_run_context: Thread 'MainThread': 
missing ScriptRunContext! This warning can be ignored when running in bare 
mode.
D:\Project\Bitkub\.venv\Lib\site-packages\pandas\core\internals\array_manager.p
y:1240: ResourceWarning: unclosed database in <sqlite3.Connection object at 
0x000002C6FF3B8040>
  class NullArrayProxy:
ResourceWarning: Enable tracemalloc to get the object allocation traceback
D:\Project\Bitkub\.venv\Lib\site-packages\pandas\core\internals\array_manager.p
y:1240: ResourceWarning: unclosed database in <sqlite3.Connection object at 
0x000002C6FFF25E40>
  class NullArrayProxy:
ResourceWarning: Enable tracemalloc to get the object allocation traceback
D:\Project\Bitkub\.venv\Lib\site-packages\pandas\core\internals\array_manager.p
y:1240: ResourceWarning: unclosed database in <sqlite3.Connection object at 
0x000002C6FFF25C60>
  class NullArrayProxy:
ResourceWarning: Enable tracemalloc to get the object allocation traceback
D:\Project\Bitkub\.venv\Lib\site-packages\pandas\core\internals\array_manager.p
y:1240: ResourceWarning: unclosed database in <sqlite3.Connection object at 
0x000002C6FFF25990>
  class NullArrayProxy:
ResourceWarning: Enable tracemalloc to get the object allocation traceback
D:\Project\Bitkub\.venv\Lib\site-packages\pandas\core\internals\array_manager.p
y:1240: ResourceWarning: unclosed database in <sqlite3.Connection object at 
0x000002C6FFF258A0>
  class NullArrayProxy:
ResourceWarning: Enable tracemalloc to get the object allocation traceback
D:\Project\Bitkub\.venv\Lib\site-packages\pandas\core\internals\array_manager.p
y:1240: ResourceWarning: unclosed database in <sqlite3.Connection object at 
0x000002C6FFF255D0>
  class NullArrayProxy:
ResourceWarning: Enable tracemalloc to get the object allocation traceback
D:\Project\Bitkub\.venv\Lib\site-packages\pandas\core\internals\array_manager.p
y:1240: ResourceWarning: unclosed database in <sqlite3.Connection object at 
0x000002C6FFF254E0>
  class NullArrayProxy:
ResourceWarning: Enable tracemalloc to get the object allocation traceback
D:\Project\Bitkub\.venv\Lib\site-packages\pandas\core\internals\array_manager.p
y:1240: ResourceWarning: unclosed database in <sqlite3.Connection object at 
0x000002C6FFF253F0>
  class NullArrayProxy:
ResourceWarning: Enable tracemalloc to get the object allocation traceback
D:\Project\Bitkub\.venv\Lib\site-packages\pandas\core\internals\array_manager.p
y:1240: ResourceWarning: unclosed database in <sqlite3.Connection object at 
0x000002C6FFF25210>
  class NullArrayProxy:
ResourceWarning: Enable tracemalloc to get the object allocation traceback
D:\Project\Bitkub\.venv\Lib\site-packages\pandas\core\internals\array_manager.p
y:1240: ResourceWarning: unclosed database in <sqlite3.Connection object at 
0x000002C6FFF25A80>
  class NullArrayProxy:
ResourceWarning: Enable tracemalloc to get the object allocation traceback
D:\Project\Bitkub\.venv\Lib\site-packages\pandas\core\internals\array_manager.p
y:1240: ResourceWarning: unclosed database in <sqlite3.Connection object at 
0x000002C6FFF25B70>
  class NullArrayProxy:
ResourceWarning: Enable tracemalloc to get the object allocation traceback
D:\Project\Bitkub\.venv\Lib\site-packages\pandas\core\internals\array_manager.p
y:1240: ResourceWarning: unclosed database in <sqlite3.Connection object at 
0x000002C6FFF257B0>
  class NullArrayProxy:
ResourceWarning: Enable tracemalloc to get the object allocation traceback
D:\Project\Bitkub\.venv\Lib\site-packages\pandas\core\internals\array_manager.p
y:1240: ResourceWarning: unclosed database in <sqlite3.Connection object at 
0x000002C6FFF256C0>
  class NullArrayProxy:
ResourceWarning: Enable tracemalloc to get the object allocation traceback
D:\Project\Bitkub\.venv\Lib\site-packages\pandas\core\internals\array_manager.p
y:1240: ResourceWarning: unclosed database in <sqlite3.Connection object at 
0x000002C6FFF25300>
  class NullArrayProxy:
ResourceWarning: Enable tracemalloc to get the object allocation traceback
D:\Project\Bitkub\.venv\Lib\site-packages\pandas\core\internals\array_manager.p
y:1240: ResourceWarning: unclosed database in <sqlite3.Connection object at 
0x000002C6FFF265C0>
  class NullArrayProxy:
ResourceWarning: Enable tracemalloc to get the object allocation traceback
D:\Project\Bitkub\.venv\Lib\site-packages\pandas\core\internals\array_manager.p
y:1240: ResourceWarning: unclosed database in <sqlite3.Connection object at 
0x000002C6FFF266B0>
  class NullArrayProxy:
ResourceWarning: Enable tracemalloc to get the object allocation traceback
D:\Project\Bitkub\.venv\Lib\site-packages\pandas\core\internals\array_manager.p
y:1240: ResourceWarning: unclosed database in <sqlite3.Connection object at 
0x000002C6FFF26A70>
  class NullArrayProxy:
ResourceWarning: Enable tracemalloc to get the object allocation traceback
ok
test_navigation_buttons_queue_target_context (test_execution_assistant_page.Exe
cutionAssistantPageTests.test_navigation_buttons_queue_target_context) ... 
2026-04-20 01:05:18.661 Thread 'MainThread': missing ScriptRunContext! This 
warning can be ignored when running in bare mode.
2026-04-20 01:05:18.723 Thread 'MainThread': missing ScriptRunContext! This 
warning can be ignored when running in bare mode.
ok
test_page_order_and_auto_refresh_include_execution_assistant (test_execution_as
sistant_page.ExecutionAssistantPageTests.test_page_order_and_auto_refresh_inclu
de_execution_assistant) ... ok
test_save_adjusted_rule_requires_explicit_click_and_persists_draft (test_execut
ion_assistant_page.ExecutionAssistantPageTests.test_save_adjusted_rule_requires
_explicit_click_and_persists_draft) ... 2026-04-20 01:05:18.803 Thread 
'MainThread': missing ScriptRunContext! This warning can be ignored when 
running in bare mode.
D:\Project\Bitkub\.venv\Lib\site-packages\streamlit\runtime\scriptrunner\script
_cache.py:74: ResourceWarning: unclosed database in <sqlite3.Connection object 
at 0x000002C692E96F20>
  bytecode = compile(  # type: ignore
ResourceWarning: Enable tracemalloc to get the object allocation traceback
D:\Project\Bitkub\.venv\Lib\site-packages\streamlit\runtime\scriptrunner\script
_cache.py:74: ResourceWarning: unclosed database in <sqlite3.Connection object 
at 0x000002C692E975B0>
  bytecode = compile(  # type: ignore
ResourceWarning: Enable tracemalloc to get the object allocation traceback
D:\Project\Bitkub\.venv\Lib\site-packages\streamlit\runtime\scriptrunner\script
_cache.py:74: ResourceWarning: unclosed database in <sqlite3.Connection object 
at 0x000002C692E97B50>
  bytecode = compile(  # type: ignore
ResourceWarning: Enable tracemalloc to get the object allocation traceback
D:\Project\Bitkub\.venv\Lib\site-packages\streamlit\runtime\scriptrunner\script
_cache.py:74: ResourceWarning: unclosed database in <sqlite3.Connection object 
at 0x000002C692F14040>
  bytecode = compile(  # type: ignore
ResourceWarning: Enable tracemalloc to get the object allocation traceback
D:\Project\Bitkub\.venv\Lib\site-packages\streamlit\runtime\scriptrunner\script
_cache.py:74: ResourceWarning: unclosed database in <sqlite3.Connection object 
at 0x000002C692F146D0>
  bytecode = compile(  # type: ignore
ResourceWarning: Enable tracemalloc to get the object allocation traceback
D:\Project\Bitkub\.venv\Lib\site-packages\streamlit\runtime\scriptrunner\script
_cache.py:74: ResourceWarning: unclosed database in <sqlite3.Connection object 
at 0x000002C692F14A90>
  bytecode = compile(  # type: ignore
ResourceWarning: Enable tracemalloc to get the object allocation traceback
D:\Project\Bitkub\.venv\Lib\site-packages\streamlit\runtime\scriptrunner\script
_cache.py:74: ResourceWarning: unclosed database in <sqlite3.Connection object 
at 0x000002C692F147C0>
  bytecode = compile(  # type: ignore
ResourceWarning: Enable tracemalloc to get the object allocation traceback
ok
test_snap_both_updates_draft_rates_to_safe_band (test_execution_assistant_page.
ExecutionAssistantPageTests.test_snap_both_updates_draft_rates_to_safe_band) 
... 2026-04-20 01:05:18.908 Thread 'MainThread': missing ScriptRunContext! 
This warning can be ignored when running in bare mode.
ok
test_snap_buy_and_snap_sell_update_only_target_rate (test_execution_assistant_p
age.ExecutionAssistantPageTests.test_snap_buy_and_snap_sell_update_only_target_
rate) ... 2026-04-20 01:05:18.954 Thread 'MainThread': missing 
ScriptRunContext! This warning can be ignored when running in bare mode.
2026-04-20 01:05:19.000 Thread 'MainThread': missing ScriptRunContext! This 
warning can be ignored when running in bare mode.
ok
test_stale_quote_disables_snap_actions_and_save (test_execution_assistant_page.
ExecutionAssistantPageTests.test_stale_quote_disables_snap_actions_and_save) 
... 2026-04-20 01:05:19.078 Thread 'MainThread': missing ScriptRunContext! 
This warning can be ignored when running in bare mode.
ok
test_refresh_maps_filled_order_from_history (test_execution_order_refresh.Execu
tionOrderRefreshTests.test_refresh_maps_filled_order_from_history) ... ok
test_refresh_marks_canceled_when_order_disappears_from_exchange_probes (test_ex
ecution_order_refresh.ExecutionOrderRefreshTests.test_refresh_marks_canceled_wh
en_order_disappears_from_exchange_probes) ... ok
test_refresh_uses_open_orders_fallback_when_order_info_fails (test_execution_or
der_refresh.ExecutionOrderRefreshTests.test_refresh_uses_open_orders_fallback_w
hen_order_info_fails) ... ok
test_refresh_uses_order_history_fallback_when_order_info_fails (test_execution_
order_refresh.ExecutionOrderRefreshTests.test_refresh_uses_order_history_fallba
ck_when_order_info_fails) ... ok
test_clamps_suggested_rate_to_upper_band_when_request_is_too_high (test_exit_gu
ardrail_resolution_helper.ExitGuardrailResolutionHelperTests.test_clamps_sugges
ted_rate_to_upper_band_when_request_is_too_high) ... ok
test_stale_quote_disables_safe_rate_suggestion (test_exit_guardrail_resolution_
helper.ExitGuardrailResolutionHelperTests.test_stale_quote_disables_safe_rate_s
uggestion) ... ok
test_unavailable_quote_returns_no_band_and_no_suggestion (test_exit_guardrail_r
esolution_helper.ExitGuardrailResolutionHelperTests.test_unavailable_quote_retu
rns_no_band_and_no_suggestion) ... ok
test_buy_resolution_clamps_to_lower_band_when_request_is_too_low (test_live_pri
ce_band_resolution_helper.LivePriceBandResolutionHelperTests.test_buy_resolutio
n_clamps_to_lower_band_when_request_is_too_low) ... ok
test_sell_resolution_clamps_to_upper_band_when_request_is_too_high (test_live_p
rice_band_resolution_helper.LivePriceBandResolutionHelperTests.test_sell_resolu
tion_clamps_to_upper_band_when_request_is_too_high) ... ok
test_stale_quote_disables_suggestion (test_live_price_band_resolution_helper.Li
vePriceBandResolutionHelperTests.test_stale_quote_disables_suggestion) ... ok
test_build_market_symbol_directory_maps_source_by_normalized_symbol (test_marke
t_symbol_service.MarketSymbolServiceTests.test_build_market_symbol_directory_ma
ps_source_by_normalized_symbol) ... ok
test_build_non_exchange_symbol_source_map_returns_only_non_exchange_symbols (te
st_market_symbol_service.MarketSymbolServiceTests.test_build_non_exchange_symbo
l_source_map_returns_only_non_exchange_symbols) ... ok
test_global_only_symbol_is_marked_for_local_filtering (test_open_orders_support
_probe.OpenOrdersSupportProbeTests.test_global_only_symbol_is_marked_for_local_
filtering) ... ok
test_supported_symbol_reports_working_request_recipe (test_open_orders_support_
probe.OpenOrdersSupportProbeTests.test_supported_symbol_reports_working_request
_recipe) ... ok
test_unsupported_symbol_is_listed_when_both_known_formats_fail (test_open_order
s_support_probe.OpenOrdersSupportProbeTests.test_unsupported_symbol_is_listed_w
hen_both_known_formats_fail) ... ok
test_reports_page_dataset_includes_recent_trade_journal (test_reporting_shadow_
mode.ReportingJournalTests.test_reports_page_dataset_includes_recent_trade_jour
nal) ... ok
test_shadow_live_guardrails_mark_mode_and_ready (test_reporting_shadow_mode.Sha
dowLiveConfigAndGuardrailTests.test_shadow_live_guardrails_mark_mode_and_ready)
 ... ok
test_validate_config_accepts_shadow_live_mode (test_reporting_shadow_mode.Shado
wLiveConfigAndGuardrailTests.test_validate_config_accepts_shadow_live_mode) 
... ok
test_archive_then_cleanup_moves_older_rows_to_disk (test_retention_archive_phas
e1.RetentionArchivePhase1Tests.test_archive_then_cleanup_moves_older_rows_to_di
sk) ... ok
test_collect_runtime_reconciliation_findings_captures_expected_categories (test
_state_reconciliation.RuntimeReconciliationFindingTests.test_collect_runtime_re
conciliation_findings_captures_expected_categories) ... ok
test_load_runtime_state_returns_saved_at_metadata (test_state_reconciliation.Ru
ntimeStateMetadataTests.test_load_runtime_state_returns_saved_at_metadata) ... 
ok
test_state_reconciliation_run_roundtrip (test_state_reconciliation.StateReconci
liationStorageTests.test_state_reconciliation_run_roundtrip) ... ok
test_bulk_budget_update_can_apply_to_all_live_rules (test_streamlit_config_page
.ConfigPageAppTests.test_bulk_budget_update_can_apply_to_all_live_rules) ... 
2026-04-20 01:05:19.978 Thread 'MainThread': missing ScriptRunContext! This 
warning can be ignored when running in bare mode.
ok
test_bulk_budget_update_changes_only_selected_symbols (test_streamlit_config_pa
ge.ConfigPageAppTests.test_bulk_budget_update_changes_only_selected_symbols) 
... 2026-04-20 01:05:20.127 Thread 'MainThread': missing ScriptRunContext! 
This warning can be ignored when running in bare mode.
D:\Project\Bitkub\.venv\Lib\site-packages\pyarrow\pandas_compat.py:274: 
ResourceWarning: unclosed database in <sqlite3.Connection object at 
0x000002C6810FAA70>
  for level, name in zip(levels, names):
ResourceWarning: Enable tracemalloc to get the object allocation traceback
D:\Project\Bitkub\.venv\Lib\site-packages\pyarrow\pandas_compat.py:274: 
ResourceWarning: unclosed database in <sqlite3.Connection object at 
0x000002C692E97C40>
  for level, name in zip(levels, names):
ResourceWarning: Enable tracemalloc to get the object allocation traceback
D:\Project\Bitkub\.venv\Lib\site-packages\pyarrow\pandas_compat.py:274: 
ResourceWarning: unclosed database in <sqlite3.Connection object at 
0x000002C692E975B0>
  for level, name in zip(levels, names):
ResourceWarning: Enable tracemalloc to get the object allocation traceback
D:\Project\Bitkub\.venv\Lib\site-packages\pyarrow\pandas_compat.py:274: 
ResourceWarning: unclosed database in <sqlite3.Connection object at 
0x000002C692E97E20>
  for level, name in zip(levels, names):
ResourceWarning: Enable tracemalloc to get the object allocation traceback
D:\Project\Bitkub\.venv\Lib\site-packages\pyarrow\pandas_compat.py:274: 
ResourceWarning: unclosed database in <sqlite3.Connection object at 
0x000002C692E97880>
  for level, name in zip(levels, names):
ResourceWarning: Enable tracemalloc to get the object allocation traceback
D:\Project\Bitkub\.venv\Lib\site-packages\pyarrow\pandas_compat.py:274: 
ResourceWarning: unclosed database in <sqlite3.Connection object at 
0x000002C692F148B0>
  for level, name in zip(levels, names):
ResourceWarning: Enable tracemalloc to get the object allocation traceback
D:\Project\Bitkub\.venv\Lib\site-packages\pyarrow\pandas_compat.py:274: 
ResourceWarning: unclosed database in <sqlite3.Connection object at 
0x000002C692F14A90>
  for level, name in zip(levels, names):
ResourceWarning: Enable tracemalloc to get the object allocation traceback
D:\Project\Bitkub\.venv\Lib\site-packages\pyarrow\pandas_compat.py:274: 
ResourceWarning: unclosed database in <sqlite3.Connection object at 
0x000002C692F154E0>
  for level, name in zip(levels, names):
ResourceWarning: Enable tracemalloc to get the object allocation traceback
D:\Project\Bitkub\.venv\Lib\site-packages\pyarrow\pandas_compat.py:274: 
ResourceWarning: unclosed database in <sqlite3.Connection object at 
0x000002C692F16020>
  for level, name in zip(levels, names):
ResourceWarning: Enable tracemalloc to get the object allocation traceback
D:\Project\Bitkub\.venv\Lib\site-packages\pyarrow\pandas_compat.py:274: 
ResourceWarning: unclosed database in <sqlite3.Connection object at 
0x000002C692F16110>
  for level, name in zip(levels, names):
ResourceWarning: Enable tracemalloc to get the object allocation traceback
D:\Project\Bitkub\.venv\Lib\site-packages\pyarrow\pandas_compat.py:274: 
ResourceWarning: unclosed database in <sqlite3.Connection object at 
0x000002C692F165C0>
  for level, name in zip(levels, names):
ResourceWarning: Enable tracemalloc to get the object allocation traceback
D:\Project\Bitkub\.venv\Lib\site-packages\pyarrow\pandas_compat.py:274: 
ResourceWarning: unclosed database in <sqlite3.Connection object at 
0x000002C692F16890>
  for level, name in zip(levels, names):
ResourceWarning: Enable tracemalloc to get the object allocation traceback
D:\Project\Bitkub\.venv\Lib\site-packages\pyarrow\pandas_compat.py:274: 
ResourceWarning: unclosed database in <sqlite3.Connection object at 
0x000002C692F16980>
  for level, name in zip(levels, names):
ResourceWarning: Enable tracemalloc to get the object allocation traceback
D:\Project\Bitkub\.venv\Lib\site-packages\pyarrow\pandas_compat.py:274: 
ResourceWarning: unclosed database in <sqlite3.Connection object at 
0x000002C692F16B60>
  for level, name in zip(levels, names):
ResourceWarning: Enable tracemalloc to get the object allocation traceback
D:\Project\Bitkub\.venv\Lib\site-packages\pyarrow\pandas_compat.py:274: 
ResourceWarning: unclosed database in <sqlite3.Connection object at 
0x000002C692F175B0>
  for level, name in zip(levels, names):
ResourceWarning: Enable tracemalloc to get the object allocation traceback
D:\Project\Bitkub\.venv\Lib\site-packages\pyarrow\pandas_compat.py:274: 
ResourceWarning: unclosed database in <sqlite3.Connection object at 
0x000002C692F176A0>
  for level, name in zip(levels, names):
ResourceWarning: Enable tracemalloc to get the object allocation traceback
D:\Project\Bitkub\.venv\Lib\site-packages\pyarrow\pandas_compat.py:274: 
ResourceWarning: unclosed database in <sqlite3.Connection object at 
0x000002C692F17790>
  for level, name in zip(levels, names):
ResourceWarning: Enable tracemalloc to get the object allocation traceback
D:\Project\Bitkub\.venv\Lib\site-packages\pyarrow\pandas_compat.py:274: 
ResourceWarning: unclosed database in <sqlite3.Connection object at 
0x000002C692F17970>
  for level, name in zip(levels, names):
ResourceWarning: Enable tracemalloc to get the object allocation traceback
D:\Project\Bitkub\.venv\Lib\site-packages\pyarrow\pandas_compat.py:274: 
ResourceWarning: unclosed database in <sqlite3.Connection object at 
0x000002C692F17A60>
  for level, name in zip(levels, names):
ResourceWarning: Enable tracemalloc to get the object allocation traceback
D:\Project\Bitkub\.venv\Lib\site-packages\pyarrow\pandas_compat.py:274: 
ResourceWarning: unclosed database in <sqlite3.Connection object at 
0x000002C692F17B50>
  for level, name in zip(levels, names):
ResourceWarning: Enable tracemalloc to get the object allocation traceback
D:\Project\Bitkub\.venv\Lib\site-packages\pyarrow\pandas_compat.py:274: 
ResourceWarning: unclosed database in <sqlite3.Connection object at 
0x000002C692F17C40>
  for level, name in zip(levels, names):
ResourceWarning: Enable tracemalloc to get the object allocation traceback
D:\Project\Bitkub\.venv\Lib\site-packages\pyarrow\pandas_compat.py:274: 
ResourceWarning: unclosed database in <sqlite3.Connection object at 
0x000002C692F17D30>
  for level, name in zip(levels, names):
ResourceWarning: Enable tracemalloc to get the object allocation traceback
D:\Project\Bitkub\.venv\Lib\site-packages\pyarrow\pandas_compat.py:274: 
ResourceWarning: unclosed database in <sqlite3.Connection object at 
0x000002C6D2FD4130>
  for level, name in zip(levels, names):
ResourceWarning: Enable tracemalloc to get the object allocation traceback
D:\Project\Bitkub\.venv\Lib\site-packages\pyarrow\pandas_compat.py:274: 
ResourceWarning: unclosed database in <sqlite3.Connection object at 
0x000002C6D2FD44F0>
  for level, name in zip(levels, names):
ResourceWarning: Enable tracemalloc to get the object allocation traceback
D:\Project\Bitkub\.venv\Lib\site-packages\pyarrow\pandas_compat.py:274: 
ResourceWarning: unclosed database in <sqlite3.Connection object at 
0x000002C6D2FD45E0>
  for level, name in zip(levels, names):
ResourceWarning: Enable tracemalloc to get the object allocation traceback
D:\Project\Bitkub\.venv\Lib\site-packages\pyarrow\pandas_compat.py:274: 
ResourceWarning: unclosed database in <sqlite3.Connection object at 
0x000002C6D2FD46D0>
  for level, name in zip(levels, names):
ResourceWarning: Enable tracemalloc to get the object allocation traceback
D:\Project\Bitkub\.venv\Lib\site-packages\pyarrow\pandas_compat.py:274: 
ResourceWarning: unclosed database in <sqlite3.Connection object at 
0x000002C6D2FD47C0>
  for level, name in zip(levels, names):
ResourceWarning: Enable tracemalloc to get the object allocation traceback
D:\Project\Bitkub\.venv\Lib\site-packages\pyarrow\pandas_compat.py:274: 
ResourceWarning: unclosed database in <sqlite3.Connection object at 
0x000002C6D2FD48B0>
  for level, name in zip(levels, names):
ResourceWarning: Enable tracemalloc to get the object allocation traceback
D:\Project\Bitkub\.venv\Lib\site-packages\pyarrow\pandas_compat.py:274: 
ResourceWarning: unclosed database in <sqlite3.Connection object at 
0x000002C6D2FD49A0>
  for level, name in zip(levels, names):
ResourceWarning: Enable tracemalloc to get the object allocation traceback
D:\Project\Bitkub\.venv\Lib\site-packages\pyarrow\pandas_compat.py:274: 
ResourceWarning: unclosed database in <sqlite3.Connection object at 
0x000002C6D2FD4A90>
  for level, name in zip(levels, names):
ResourceWarning: Enable tracemalloc to get the object allocation traceback
D:\Project\Bitkub\.venv\Lib\site-packages\pyarrow\pandas_compat.py:274: 
ResourceWarning: unclosed database in <sqlite3.Connection object at 
0x000002C6D2FD4B80>
  for level, name in zip(levels, names):
ResourceWarning: Enable tracemalloc to get the object allocation traceback
D:\Project\Bitkub\.venv\Lib\site-packages\pyarrow\pandas_compat.py:274: 
ResourceWarning: unclosed database in <sqlite3.Connection object at 
0x000002C6D2FD4C70>
  for level, name in zip(levels, names):
ResourceWarning: Enable tracemalloc to get the object allocation traceback
D:\Project\Bitkub\.venv\Lib\site-packages\pyarrow\pandas_compat.py:274: 
ResourceWarning: unclosed database in <sqlite3.Connection object at 
0x000002C6D2FD4D60>
  for level, name in zip(levels, names):
ResourceWarning: Enable tracemalloc to get the object allocation traceback
D:\Project\Bitkub\.venv\Lib\site-packages\pyarrow\pandas_compat.py:274: 
ResourceWarning: unclosed database in <sqlite3.Connection object at 
0x000002C6D2FD4E50>
  for level, name in zip(levels, names):
ResourceWarning: Enable tracemalloc to get the object allocation traceback
D:\Project\Bitkub\.venv\Lib\site-packages\pyarrow\pandas_compat.py:274: 
ResourceWarning: unclosed database in <sqlite3.Connection object at 
0x000002C6D2FD4F40>
  for level, name in zip(levels, names):
ResourceWarning: Enable tracemalloc to get the object allocation traceback
ok
test_config_page_shows_budget_and_live_order_help_text (test_streamlit_config_p
age.ConfigPageAppTests.test_config_page_shows_budget_and_live_order_help_text) 
... 2026-04-20 01:05:20.821 Thread 'MainThread': missing ScriptRunContext! 
This warning can be ignored when running in bare mode.
ok
test_rule_editor_loads_missing_budget_with_default_and_saves_it (test_streamlit
_config_page.ConfigPageAppTests.test_rule_editor_loads_missing_budget_with_defa
ult_and_saves_it) ... 2026-04-20 01:05:20.970 Thread 'MainThread': missing 
ScriptRunContext! This warning can be ignored when running in bare mode.
ok
test_exit_helper_disables_one_time_actions_when_quote_is_stale (test_streamlit_
live_ops_page.LiveOpsPageAppTests.test_exit_helper_disables_one_time_actions_wh
en_quote_is_stale) ... 2026-04-20 01:05:21.273 Thread 'MainThread': missing 
ScriptRunContext! This warning can be ignored when running in bare mode.
ok
test_exit_helper_shows_safe_band_and_prefills_manual_sell_form (test_streamlit_
live_ops_page.LiveOpsPageAppTests.test_exit_helper_shows_safe_band_and_prefills
_manual_sell_form) ... 2026-04-20 01:05:21.388 Thread 'MainThread': missing 
ScriptRunContext! This warning can be ignored when running in bare mode.
ok
test_compare_focus_restores_latest_persisted_variant (test_streamlit_strategy_p
age.StrategyPageAppTests.test_compare_focus_restores_latest_persisted_variant) 
... 2026-04-20 01:05:21.581 Thread 'MainThread': missing ScriptRunContext! 
This warning can be ignored when running in bare mode.
ok
test_compare_open_live_ops_sets_focus_symbol (test_streamlit_strategy_page.Stra
tegyPageAppTests.test_compare_open_live_ops_sets_focus_symbol) ... 2026-04-20 
01:05:21.644 Thread 'MainThread': missing ScriptRunContext! This warning can 
be ignored when running in bare mode.
C:\Users\iispe\AppData\Local\Python\pythoncore-3.14-64\Lib\ast.py:46: 
ResourceWarning: unclosed database in <sqlite3.Connection object at 
0x000002C692F17010>
  return compile(source, filename, mode, flags,
ResourceWarning: Enable tracemalloc to get the object allocation traceback
C:\Users\iispe\AppData\Local\Python\pythoncore-3.14-64\Lib\ast.py:46: 
ResourceWarning: unclosed database in <sqlite3.Connection object at 
0x000002C692F16A70>
  return compile(source, filename, mode, flags,
ResourceWarning: Enable tracemalloc to get the object allocation traceback
C:\Users\iispe\AppData\Local\Python\pythoncore-3.14-64\Lib\ast.py:46: 
ResourceWarning: unclosed database in <sqlite3.Connection object at 
0x000002C692F16F20>
  return compile(source, filename, mode, flags,
ResourceWarning: Enable tracemalloc to get the object allocation traceback
C:\Users\iispe\AppData\Local\Python\pythoncore-3.14-64\Lib\ast.py:46: 
ResourceWarning: unclosed database in <sqlite3.Connection object at 
0x000002C692F17100>
  return compile(source, filename, mode, flags,
ResourceWarning: Enable tracemalloc to get the object allocation traceback
C:\Users\iispe\AppData\Local\Python\pythoncore-3.14-64\Lib\ast.py:46: 
ResourceWarning: unclosed database in <sqlite3.Connection object at 
0x000002C692F17790>
  return compile(source, filename, mode, flags,
ResourceWarning: Enable tracemalloc to get the object allocation traceback
C:\Users\iispe\AppData\Local\Python\pythoncore-3.14-64\Lib\ast.py:46: 
ResourceWarning: unclosed database in <sqlite3.Connection object at 
0x000002C6FFE9D030>
  return compile(source, filename, mode, flags,
ResourceWarning: Enable tracemalloc to get the object allocation traceback
C:\Users\iispe\AppData\Local\Python\pythoncore-3.14-64\Lib\ast.py:46: 
ResourceWarning: unclosed database in <sqlite3.Connection object at 
0x000002C6FFE9CF40>
  return compile(source, filename, mode, flags,
ResourceWarning: Enable tracemalloc to get the object allocation traceback
C:\Users\iispe\AppData\Local\Python\pythoncore-3.14-64\Lib\ast.py:46: 
ResourceWarning: unclosed database in <sqlite3.Connection object at 
0x000002C692F17880>
  return compile(source, filename, mode, flags,
ResourceWarning: Enable tracemalloc to get the object allocation traceback
<frozen abc>:123: ResourceWarning: unclosed database in <sqlite3.Connection 
object at 0x000002C6D44F9030>
ResourceWarning: Enable tracemalloc to get the object allocation traceback
<frozen abc>:123: ResourceWarning: unclosed database in <sqlite3.Connection 
object at 0x000002C692F16C50>
ResourceWarning: Enable tracemalloc to get the object allocation traceback
ok
test_compare_open_live_tuning_sets_workspace (test_streamlit_strategy_page.Stra
tegyPageAppTests.test_compare_open_live_tuning_sets_workspace) ... 2026-04-20 
01:05:22.207 Thread 'MainThread': missing ScriptRunContext! This warning can 
be ignored when running in bare mode.
ok
test_compare_shows_live_price_overlay_for_selected_symbol (test_streamlit_strat
egy_page.StrategyPageAppTests.test_compare_shows_live_price_overlay_for_selecte
d_symbol) ... 2026-04-20 01:05:22.369 Thread 'MainThread': missing 
ScriptRunContext! This warning can be ignored when running in bare mode.
ok
test_compare_symbol_selection_sticks_after_run_compare (test_streamlit_strategy
_page.StrategyPageAppTests.test_compare_symbol_selection_sticks_after_run_compa
re) ... 2026-04-20 01:05:22.400 Thread 'MainThread': missing ScriptRunContext! 
This warning can be ignored when running in bare mode.
ok
test_live_ops_open_compare_switches_to_strategy_compare (test_streamlit_strateg
y_page.StrategyPageAppTests.test_live_ops_open_compare_switches_to_strategy_com
pare) ... 2026-04-20 01:05:22.457 Thread 'MainThread': missing 
ScriptRunContext! This warning can be ignored when running in bare mode.
FAIL
test_live_ops_open_live_tuning_switches_to_strategy_tuning (test_streamlit_stra
tegy_page.StrategyPageAppTests.test_live_ops_open_live_tuning_switches_to_strat
egy_tuning) ... 2026-04-20 01:05:22.559 Thread 'MainThread': missing 
ScriptRunContext! This warning can be ignored when running in bare mode.
ok
test_live_tuning_open_compare_sets_workspace (test_streamlit_strategy_page.Stra
tegyPageAppTests.test_live_tuning_open_compare_sets_workspace) ... 2026-04-20 
01:05:22.666 Thread 'MainThread': missing ScriptRunContext! This warning can 
be ignored when running in bare mode.
ok
test_live_tuning_open_live_ops_sets_focus_symbol (test_streamlit_strategy_page.
StrategyPageAppTests.test_live_tuning_open_live_ops_sets_focus_symbol) ... 
2026-04-20 01:05:22.788 Thread 'MainThread': missing ScriptRunContext! This 
warning can be ignored when running in bare mode.
ok
test_live_tuning_prune_routes_to_live_ops_when_state_is_unclear (test_streamlit
_strategy_page.StrategyPageAppTests.test_live_tuning_prune_routes_to_live_ops_w
hen_state_is_unclear) ... 2026-04-20 01:05:22.917 Thread 'MainThread': missing 
ScriptRunContext! This warning can be ignored when running in bare mode.
ok
test_live_tuning_prune_shows_linked_order_actions (test_streamlit_strategy_page
.StrategyPageAppTests.test_live_tuning_prune_shows_linked_order_actions) ... 
2026-04-20 01:05:23.084 Thread 'MainThread': missing ScriptRunContext! This 
warning can be ignored when running in bare mode.
ok
test_live_tuning_prune_submit_does_not_raise (test_streamlit_strategy_page.Stra
tegyPageAppTests.test_live_tuning_prune_submit_does_not_raise) ... 2026-04-20 
01:05:23.125 Thread 'MainThread': missing ScriptRunContext! This warning can 
be ignored when running in bare mode.
ok
test_live_tuning_shows_live_price_overlay_for_focus_symbol (test_streamlit_stra
tegy_page.StrategyPageAppTests.test_live_tuning_shows_live_price_overlay_for_fo
cus_symbol) ... 2026-04-20 01:05:23.220 Thread 'MainThread': missing 
ScriptRunContext! This warning can be ignored when running in bare mode.
ok
test_build_symbol_operational_state_marks_linked_orders_and_review_required (te
st_symbol_state.SymbolStateTests.test_build_symbol_operational_state_marks_link
ed_orders_and_review_required) ... ok
test_build_symbol_operational_state_marks_unclear_exchange_coverage_for_review 
(test_symbol_state.SymbolStateTests.test_build_symbol_operational_state_marks_u
nclear_exchange_coverage_for_review) ... ok
test_build_telegram_position_line_handles_symbol_missing_from_rules (test_teleg
ram_positions_command.TelegramPositionsCommandTests.test_build_telegram_positio
n_line_handles_symbol_missing_from_rules) ... ok
test_build_telegram_position_line_uses_latest_price_and_rule_defaults (test_tel
egram_positions_command.TelegramPositionsCommandTests.test_build_telegram_posit
ion_line_uses_latest_price_and_rule_defaults) ... ok
test_revalidate_prune_blocked_symbols_clears_stale_local_order_after_refresh (t
est_telegram_reload_and_prune_revalidation.StrategyPruneRevalidationTests.test_
revalidate_prune_blocked_symbols_clears_stale_local_order_after_refresh) ... ok
test_revalidate_prune_blocked_symbols_skips_refresh_when_nothing_is_blocked (te
st_telegram_reload_and_prune_revalidation.StrategyPruneRevalidationTests.test_r
evalidate_prune_blocked_symbols_skips_refresh_when_nothing_is_blocked) ... ok
test_config_reload_notification_skips_recent_direct_command_response (test_tele
gram_reload_and_prune_revalidation.TelegramReloadNotificationTests.test_config_
reload_notification_skips_recent_direct_command_response) ... ok
test_non_reload_notification_still_queues_normally (test_telegram_reload_and_pr
une_revalidation.TelegramReloadNotificationTests.test_non_reload_notification_s
till_queues_normally) ... ok
test_backtest_consistency_check_is_persisted_and_passes_for_deterministic_repla
y (test_validation_framework.ValidationFrameworkTests.test_backtest_consistency
_check_is_persisted_and_passes_for_deterministic_replay) ... ok
test_no_lookahead_replay_and_ranking_ignore_future_rows (test_validation_framew
ork.ValidationFrameworkTests.test_no_lookahead_replay_and_ranking_ignore_future
_rows) ... ok
test_time_series_cv_uses_expanding_train_windows (test_validation_framework.Val
idationFrameworkTests.test_time_series_cv_uses_expanding_train_windows) ... ok
test_walk_forward_validation_persists_runs_and_slices (test_validation_framewor
k.ValidationFrameworkTests.test_walk_forward_validation_persists_runs_and_slice
s) ... ok

======================================================================
FAIL: test_live_ops_open_compare_switches_to_strategy_compare (test_streamlit_s
trategy_page.StrategyPageAppTests.test_live_ops_open_compare_switches_to_strate
gy_compare)
----------------------------------------------------------------------
Traceback (most recent call last):
  File "D:\Project\Bitkub\tests\test_streamlit_strategy_page.py", line 752, in 
test_live_ops_open_compare_switches_to_strategy_compare
    self.assertEqual(at.session_state["strategy_compare_symbol"], "THB_FF")
    ~~~~~~~~~~~~~~~~^^^^^^^^^^^^^^^^^^^^^^^^^^^^^^^^^^^^^^^^^^^^^^^^^^^^^^^
AssertionError: 'THB_TRX' != 'THB_FF'
- THB_TRX
+ THB_FF


----------------------------------------------------------------------
Ran 77 tests in 9.330s

FAILED (failures=1)
[audit] sqlite write failed: db offline
